tracebox to 123.123.123.2 (123.123.123.2): 30 hops max
 1 42.42.42.1: FULL_REPLY 
 2 66.66.66.2: FULL_REPLY 
 3 66.66.66.6: TCP_OPT FULL_REPLY 
 4 66.66.66.10: TCP_SEQ TCP_OPT FULL_REPLY 
 5 66.66.66.14: TCP_WIN TCP_OPT FULL_REPLY 
 6 66.66.66.18: IP_ID TCP_WIN TCP_OPT FULL_REPLY 
 7 123.123.123.2: TCP_OPT SRV_REPLY 
