tracebox to 123.123.123.2 (123.123.123.2): 30 hops max
 1 42.42.42.1: FULL_REPLY 
 2 66.66.66.2: TCP_SEQ 
 3 66.66.66.6: TCP_OPT FULL_REPLY 
 4 123.123.123.2: SRV_REPLY 
