There is a proxy between you and the destination.
