tracebox to 123.123.123.2 (123.123.123.2): 30 hops max
 1: 42.42.42.1 
 2: 123.123.123.2 
