tracebox to 123.123.123.2 (123.123.123.2): 30 hops max
 1 42.42.42.1: FULL_REPLY 
 2 66.66.66.2: TCP_WIN FULL_REPLY 
 3 123.123.123.2: SRV_REPLY 
